
> sesli_konusma@0.0.0 build
> tsc -b && vite build

src/components/Layout.tsx(68,21): error TS2345: Argument of type 'RefObject<HTMLDivElement | null>' is not assignable to parameter of type 'RefObject<HTMLElement>'.
  Type 'HTMLDivElement | null' is not assignable to type 'HTMLElement'.
    Type 'null' is not assignable to type 'HTMLElement'.
src/hooks/useClickOutside.ts(1,21): error TS1484: 'RefObject' is a type and must be imported using a type-only import when 'verbatimModuleSyntax' is enabled.
